------------------------------------------------------------
Timing Analyzer Summary
------------------------------------------------------------

Type  : Slow 1100mV 85C Model Setup 'clk_div_inst|altera_pll_i|general[1].gpll~PLL_OUTPUT_COUNTER|divclk'
Slack : 243.472
TNS   : 0.000

Type  : Slow 1100mV 85C Model Setup 'clk_div_inst|altera_pll_i|general[0].gpll~PLL_OUTPUT_COUNTER|divclk'
Slack : 244.346
TNS   : 0.000

Type  : Slow 1100mV 85C Model Hold 'clk_div_inst|altera_pll_i|general[1].gpll~PLL_OUTPUT_COUNTER|divclk'
Slack : 0.254
TNS   : 0.000

Type  : Slow 1100mV 85C Model Hold 'clk_div_inst|altera_pll_i|general[0].gpll~PLL_OUTPUT_COUNTER|divclk'
Slack : 0.367
TNS   : 0.000

Type  : Slow 1100mV 85C Model Minimum Pulse Width 'clk_div_inst|altera_pll_i|general[0].gpll~FRACTIONAL_PLL|vcoph[0]'
Slack : 1.666
TNS   : 0.000

Type  : Slow 1100mV 85C Model Minimum Pulse Width 'clk_50MHz'
Slack : 9.900
TNS   : 0.000

Type  : Slow 1100mV 85C Model Minimum Pulse Width 'clk_div_inst|altera_pll_i|general[0].gpll~PLL_OUTPUT_COUNTER|divclk'
Slack : 124.319
TNS   : 0.000

Type  : Slow 1100mV 85C Model Minimum Pulse Width 'clk_div_inst|altera_pll_i|general[1].gpll~PLL_OUTPUT_COUNTER|divclk'
Slack : 499.316
TNS   : 0.000

Type  : Slow 1100mV 0C Model Setup 'clk_div_inst|altera_pll_i|general[1].gpll~PLL_OUTPUT_COUNTER|divclk'
Slack : 243.647
TNS   : 0.000

Type  : Slow 1100mV 0C Model Setup 'clk_div_inst|altera_pll_i|general[0].gpll~PLL_OUTPUT_COUNTER|divclk'
Slack : 244.579
TNS   : 0.000

Type  : Slow 1100mV 0C Model Hold 'clk_div_inst|altera_pll_i|general[1].gpll~PLL_OUTPUT_COUNTER|divclk'
Slack : 0.235
TNS   : 0.000

Type  : Slow 1100mV 0C Model Hold 'clk_div_inst|altera_pll_i|general[0].gpll~PLL_OUTPUT_COUNTER|divclk'
Slack : 0.376
TNS   : 0.000

Type  : Slow 1100mV 0C Model Minimum Pulse Width 'clk_div_inst|altera_pll_i|general[0].gpll~FRACTIONAL_PLL|vcoph[0]'
Slack : 1.666
TNS   : 0.000

Type  : Slow 1100mV 0C Model Minimum Pulse Width 'clk_50MHz'
Slack : 9.926
TNS   : 0.000

Type  : Slow 1100mV 0C Model Minimum Pulse Width 'clk_div_inst|altera_pll_i|general[0].gpll~PLL_OUTPUT_COUNTER|divclk'
Slack : 124.247
TNS   : 0.000

Type  : Slow 1100mV 0C Model Minimum Pulse Width 'clk_div_inst|altera_pll_i|general[1].gpll~PLL_OUTPUT_COUNTER|divclk'
Slack : 499.240
TNS   : 0.000

Type  : Fast 1100mV 85C Model Setup 'clk_div_inst|altera_pll_i|general[1].gpll~PLL_OUTPUT_COUNTER|divclk'
Slack : 246.187
TNS   : 0.000

Type  : Fast 1100mV 85C Model Setup 'clk_div_inst|altera_pll_i|general[0].gpll~PLL_OUTPUT_COUNTER|divclk'
Slack : 246.260
TNS   : 0.000

Type  : Fast 1100mV 85C Model Hold 'clk_div_inst|altera_pll_i|general[1].gpll~PLL_OUTPUT_COUNTER|divclk'
Slack : 0.149
TNS   : 0.000

Type  : Fast 1100mV 85C Model Hold 'clk_div_inst|altera_pll_i|general[0].gpll~PLL_OUTPUT_COUNTER|divclk'
Slack : 0.178
TNS   : 0.000

Type  : Fast 1100mV 85C Model Minimum Pulse Width 'clk_div_inst|altera_pll_i|general[0].gpll~FRACTIONAL_PLL|vcoph[0]'
Slack : 1.666
TNS   : 0.000

Type  : Fast 1100mV 85C Model Minimum Pulse Width 'clk_50MHz'
Slack : 9.643
TNS   : 0.000

Type  : Fast 1100mV 85C Model Minimum Pulse Width 'clk_div_inst|altera_pll_i|general[0].gpll~PLL_OUTPUT_COUNTER|divclk'
Slack : 124.578
TNS   : 0.000

Type  : Fast 1100mV 85C Model Minimum Pulse Width 'clk_div_inst|altera_pll_i|general[1].gpll~PLL_OUTPUT_COUNTER|divclk'
Slack : 499.577
TNS   : 0.000

Type  : Fast 1100mV 0C Model Setup 'clk_div_inst|altera_pll_i|general[1].gpll~PLL_OUTPUT_COUNTER|divclk'
Slack : 246.543
TNS   : 0.000

Type  : Fast 1100mV 0C Model Setup 'clk_div_inst|altera_pll_i|general[0].gpll~PLL_OUTPUT_COUNTER|divclk'
Slack : 246.701
TNS   : 0.000

Type  : Fast 1100mV 0C Model Hold 'clk_div_inst|altera_pll_i|general[1].gpll~PLL_OUTPUT_COUNTER|divclk'
Slack : 0.137
TNS   : 0.000

Type  : Fast 1100mV 0C Model Hold 'clk_div_inst|altera_pll_i|general[0].gpll~PLL_OUTPUT_COUNTER|divclk'
Slack : 0.170
TNS   : 0.000

Type  : Fast 1100mV 0C Model Minimum Pulse Width 'clk_div_inst|altera_pll_i|general[0].gpll~FRACTIONAL_PLL|vcoph[0]'
Slack : 1.666
TNS   : 0.000

Type  : Fast 1100mV 0C Model Minimum Pulse Width 'clk_50MHz'
Slack : 9.632
TNS   : 0.000

Type  : Fast 1100mV 0C Model Minimum Pulse Width 'clk_div_inst|altera_pll_i|general[0].gpll~PLL_OUTPUT_COUNTER|divclk'
Slack : 124.567
TNS   : 0.000

Type  : Fast 1100mV 0C Model Minimum Pulse Width 'clk_div_inst|altera_pll_i|general[1].gpll~PLL_OUTPUT_COUNTER|divclk'
Slack : 499.567
TNS   : 0.000

------------------------------------------------------------
